Name:        test-run
Namespace:   namespace
URL:         https://anurl.com

Last Run:

PipelineRun:    pipelinerun1
Status:         Success
Commit:         https://anurl.com/commit/SHA
Commit Title:   A title
StartTime:      16 minutes ago
Duration:       1 minute

Other Runs:

PIPELINERUN    SHA    START_TIME       DURATION   STATUS
pipelinerun2   SHA2   18 minutes ago   1 minute   Success

