Name:           test-run
Namespace:      optnamespace
URL:            https://anurl.com
Status:         Success
Log:            https://everywhere.anwywhere
Commit URL:     https://anurl.com/commit/SHA
PipelineRun:    pipelinerun1
Event:          <nil>
Branch:         TargetBranch
Commit Title:   A title
StartTime:      16 minutes ago 
Duration:       1 minute

Failures:

• And here's to you, Mrs. Robinson:
  We'd like to help you learn to help yourself

• task2: PipelineRunTimeout
  I was sleeping and I forgot to wake up

