Name:           test-run
Namespace:      ns
URL:            https://anurl.com
Status:         Running
Log:            https://giphy.com/search/random-dogs
PipelineRun:    running
Event:          
Branch:         tartanpion
Commit URL:     
Commit Title:   
StartTime:      -35 minutes ago
Duration:       ---
