Name:           repo1
Namespace:      ns
URL:            https://anurl.com/repo/owner
Status:         Success
Log:            https://everywhere.anwywhere
PipelineRun:    pipelinerun1
Event:          pull_request
Branch:         TargetBranch
Commit URL:     https://anurl.com/repo/owner/commit/SHA
Commit Title:   A title
StartTime:      38 years ago
Duration:       1 minute
