Name:           test-run
Namespace:      ns
URL:            https://anurl.com
Status:         Running
Log:            https://dashboard.is.not.configured
Commit URL:     
PipelineRun:    running
Event:          
Branch:         tartanpion
Commit Title:   
StartTime:      -35 minutes ago 
Duration:       ---
